21:28:37 **** Rebuild of configuration Debug for project t2 Configuration ****
Info: Internal Builder is used for build
arm-atollic-eabi-gcc -c -mthumb -mcpu=cortex-m3 -std=gnu90 -DUSE_HAL_DRIVER -DSTM32L100xC -I..\..\..\..\Inc -I..\..\..\..\Drivers\STM32L1xx_HAL_Driver\Inc -I..\..\..\..\Drivers\CMSIS\Include -I..\..\..\..\Drivers\CMSIS\Device\ST\STM32L1xx\Include -Os -ffunction-sections -fdata-sections -g -Wall -o Drivers\STM32L1xx_HAL_Driver\stm32l1xx_hal_spi_ex.o ..\..\..\..\Drivers\STM32L1xx_HAL_Driver\Src\stm32l1xx_hal_spi_ex.c 
arm-atollic-eabi-gcc -c -mthumb -mcpu=cortex-m3 -I..\..\..\..\Inc -g -Wa,--no-warn -x assembler-with-cpp -o Application\TrueSTUDIO\startup_stm32l100xc.o ..\..\..\..\Drivers\CMSIS\Device\ST\STM32L1xx\Source\Templates\gcc\startup_stm32l100xc.s 
arm-atollic-eabi-gcc -c -mthumb -mcpu=cortex-m3 -std=gnu90 -DUSE_HAL_DRIVER -DSTM32L100xC -I..\..\..\..\Inc -I..\..\..\..\Drivers\STM32L1xx_HAL_Driver\Inc -I..\..\..\..\Drivers\CMSIS\Include -I..\..\..\..\Drivers\CMSIS\Device\ST\STM32L1xx\Include -Os -ffunction-sections -fdata-sections -g -Wall -o Drivers\STM32L1xx_HAL_Driver\stm32l1xx_hal_flash_ramfunc.o ..\..\..\..\Drivers\STM32L1xx_HAL_Driver\Src\stm32l1xx_hal_flash_ramfunc.c 
arm-atollic-eabi-gcc -c -mthumb -mcpu=cortex-m3 -std=gnu90 -DUSE_HAL_DRIVER -DSTM32L100xC -I..\..\..\..\Inc -I..\..\..\..\Drivers\STM32L1xx_HAL_Driver\Inc -I..\..\..\..\Drivers\CMSIS\Include -I..\..\..\..\Drivers\CMSIS\Device\ST\STM32L1xx\Include -Os -ffunction-sections -fdata-sections -g -Wall -o Drivers\STM32L1xx_HAL_Driver\stm32l1xx_hal_pwr.o ..\..\..\..\Drivers\STM32L1xx_HAL_Driver\Src\stm32l1xx_hal_pwr.c 
arm-atollic-eabi-gcc -c -mthumb -mcpu=cortex-m3 -std=gnu90 -DUSE_HAL_DRIVER -DSTM32L100xC -I..\..\..\..\Inc -I..\..\..\..\Drivers\STM32L1xx_HAL_Driver\Inc -I..\..\..\..\Drivers\CMSIS\Include -I..\..\..\..\Drivers\CMSIS\Device\ST\STM32L1xx\Include -Os -ffunction-sections -fdata-sections -g -Wall -o Drivers\STM32L1xx_HAL_Driver\stm32l1xx_hal_flash_ex.o ..\..\..\..\Drivers\STM32L1xx_HAL_Driver\Src\stm32l1xx_hal_flash_ex.c 
arm-atollic-eabi-gcc -c -mthumb -mcpu=cortex-m3 -std=gnu90 -DUSE_HAL_DRIVER -DSTM32L100xC -I..\..\..\..\Inc -I..\..\..\..\Drivers\STM32L1xx_HAL_Driver\Inc -I..\..\..\..\Drivers\CMSIS\Include -I..\..\..\..\Drivers\CMSIS\Device\ST\STM32L1xx\Include -Os -ffunction-sections -fdata-sections -g -Wall -o Drivers\STM32L1xx_HAL_Driver\stm32l1xx_hal_cortex.o ..\..\..\..\Drivers\STM32L1xx_HAL_Driver\Src\stm32l1xx_hal_cortex.c 
arm-atollic-eabi-gcc -c -mthumb -mcpu=cortex-m3 -std=gnu90 -DUSE_HAL_DRIVER -DSTM32L100xC -I..\..\..\..\Inc -I..\..\..\..\Drivers\STM32L1xx_HAL_Driver\Inc -I..\..\..\..\Drivers\CMSIS\Include -I..\..\..\..\Drivers\CMSIS\Device\ST\STM32L1xx\Include -Os -ffunction-sections -fdata-sections -g -Wall -o Drivers\STM32L1xx_HAL_Driver\stm32l1xx_hal_rcc.o ..\..\..\..\Drivers\STM32L1xx_HAL_Driver\Src\stm32l1xx_hal_rcc.c 
arm-atollic-eabi-gcc -c -mthumb -mcpu=cortex-m3 -std=gnu90 -DUSE_HAL_DRIVER -DSTM32L100xC -I..\..\..\..\Inc -I..\..\..\..\Drivers\STM32L1xx_HAL_Driver\Inc -I..\..\..\..\Drivers\CMSIS\Include -I..\..\..\..\Drivers\CMSIS\Device\ST\STM32L1xx\Include -Os -ffunction-sections -fdata-sections -g -Wall -o Application\User\stm32l1xx_hal_msp.o ..\..\..\..\Src\stm32l1xx_hal_msp.c 
arm-atollic-eabi-gcc -c -mthumb -mcpu=cortex-m3 -std=gnu90 -DUSE_HAL_DRIVER -DSTM32L100xC -I..\..\..\..\Inc -I..\..\..\..\Drivers\STM32L1xx_HAL_Driver\Inc -I..\..\..\..\Drivers\CMSIS\Include -I..\..\..\..\Drivers\CMSIS\Device\ST\STM32L1xx\Include -Os -ffunction-sections -fdata-sections -g -Wall -o Drivers\STM32L1xx_HAL_Driver\stm32l1xx_hal_gpio.o ..\..\..\..\Drivers\STM32L1xx_HAL_Driver\Src\stm32l1xx_hal_gpio.c 
arm-atollic-eabi-gcc -c -mthumb -mcpu=cortex-m3 -std=gnu90 -DUSE_HAL_DRIVER -DSTM32L100xC -I..\..\..\..\Inc -I..\..\..\..\Drivers\STM32L1xx_HAL_Driver\Inc -I..\..\..\..\Drivers\CMSIS\Include -I..\..\..\..\Drivers\CMSIS\Device\ST\STM32L1xx\Include -Os -ffunction-sections -fdata-sections -g -Wall -o Drivers\STM32L1xx_HAL_Driver\stm32l1xx_hal.o ..\..\..\..\Drivers\STM32L1xx_HAL_Driver\Src\stm32l1xx_hal.c 
arm-atollic-eabi-gcc -c -mthumb -mcpu=cortex-m3 -std=gnu90 -DUSE_HAL_DRIVER -DSTM32L100xC -I..\..\..\..\Inc -I..\..\..\..\Drivers\STM32L1xx_HAL_Driver\Inc -I..\..\..\..\Drivers\CMSIS\Include -I..\..\..\..\Drivers\CMSIS\Device\ST\STM32L1xx\Include -Os -ffunction-sections -fdata-sections -g -Wall -o Drivers\STM32L1xx_HAL_Driver\stm32l1xx_hal_i2c.o ..\..\..\..\Drivers\STM32L1xx_HAL_Driver\Src\stm32l1xx_hal_i2c.c 
arm-atollic-eabi-gcc -c -mthumb -mcpu=cortex-m3 -std=gnu90 -DUSE_HAL_DRIVER -DSTM32L100xC -I..\..\..\..\Inc -I..\..\..\..\Drivers\STM32L1xx_HAL_Driver\Inc -I..\..\..\..\Drivers\CMSIS\Include -I..\..\..\..\Drivers\CMSIS\Device\ST\STM32L1xx\Include -Os -ffunction-sections -fdata-sections -g -Wall -o Application\User\main.o ..\..\..\..\Src\main.c 
arm-atollic-eabi-gcc -c -mthumb -mcpu=cortex-m3 -std=gnu90 -DUSE_HAL_DRIVER -DSTM32L100xC -I..\..\..\..\Inc -I..\..\..\..\Drivers\STM32L1xx_HAL_Driver\Inc -I..\..\..\..\Drivers\CMSIS\Include -I..\..\..\..\Drivers\CMSIS\Device\ST\STM32L1xx\Include -Os -ffunction-sections -fdata-sections -g -Wall -o Drivers\STM32L1xx_HAL_Driver\stm32l1xx_hal_rcc_ex.o ..\..\..\..\Drivers\STM32L1xx_HAL_Driver\Src\stm32l1xx_hal_rcc_ex.c 
arm-atollic-eabi-gcc -c -mthumb -mcpu=cortex-m3 -std=gnu90 -DUSE_HAL_DRIVER -DSTM32L100xC -I..\..\..\..\Inc -I..\..\..\..\Drivers\STM32L1xx_HAL_Driver\Inc -I..\..\..\..\Drivers\CMSIS\Include -I..\..\..\..\Drivers\CMSIS\Device\ST\STM32L1xx\Include -Os -ffunction-sections -fdata-sections -g -Wall -o Drivers\STM32L1xx_HAL_Driver\stm32l1xx_hal_pwr_ex.o ..\..\..\..\Drivers\STM32L1xx_HAL_Driver\Src\stm32l1xx_hal_pwr_ex.c 
arm-atollic-eabi-gcc -c -mthumb -mcpu=cortex-m3 -std=gnu90 -DUSE_HAL_DRIVER -DSTM32L100xC -I..\..\..\..\Inc -I..\..\..\..\Drivers\STM32L1xx_HAL_Driver\Inc -I..\..\..\..\Drivers\CMSIS\Include -I..\..\..\..\Drivers\CMSIS\Device\ST\STM32L1xx\Include -Os -ffunction-sections -fdata-sections -g -Wall -o Drivers\STM32L1xx_HAL_Driver\stm32l1xx_hal_spi.o ..\..\..\..\Drivers\STM32L1xx_HAL_Driver\Src\stm32l1xx_hal_spi.c 
..\..\..\..\Drivers\STM32L1xx_HAL_Driver\Src\stm32l1xx_hal_spi.c: In function 'HAL_SPI_Receive':
..\..\..\..\Drivers\STM32L1xx_HAL_Driver\Src\stm32l1xx_hal_spi.c:455:17: warning: variable 'tmpreg' set but not used [-Wunused-but-set-variable]
   __IO uint16_t tmpreg = 0;
                 ^
..\..\..\..\Drivers\STM32L1xx_HAL_Driver\Src\stm32l1xx_hal_spi.c: In function 'HAL_SPI_TransmitReceive':
..\..\..\..\Drivers\STM32L1xx_HAL_Driver\Src\stm32l1xx_hal_spi.c:629:17: warning: variable 'tmpreg' set but not used [-Wunused-but-set-variable]
   __IO uint16_t tmpreg = 0;
                 ^
..\..\..\..\Drivers\STM32L1xx_HAL_Driver\Src\stm32l1xx_hal_spi.c: In function 'SPI_RxCloseIRQHandler':
..\..\..\..\Drivers\STM32L1xx_HAL_Driver\Src\stm32l1xx_hal_spi.c:1772:17: warning: variable 'tmpreg' set but not used [-Wunused-but-set-variable]
   __IO uint16_t tmpreg = 0;
                 ^
..\..\..\..\Drivers\STM32L1xx_HAL_Driver\Src\stm32l1xx_hal_spi.c: In function 'SPI_DMAReceiveCplt':
..\..\..\..\Drivers\STM32L1xx_HAL_Driver\Src\stm32l1xx_hal_spi.c:1961:17: warning: variable 'tmpreg' set but not used [-Wunused-but-set-variable]
   __IO uint16_t tmpreg = 0;
                 ^
..\..\..\..\Drivers\STM32L1xx_HAL_Driver\Src\stm32l1xx_hal_spi.c: In function 'SPI_DMATransmitReceiveCplt':
..\..\..\..\Drivers\STM32L1xx_HAL_Driver\Src\stm32l1xx_hal_spi.c:2033:17: warning: variable 'tmpreg' set but not used [-Wunused-but-set-variable]
   __IO uint16_t tmpreg = 0;
                 ^
arm-atollic-eabi-gcc -c -mthumb -mcpu=cortex-m3 -std=gnu90 -DUSE_HAL_DRIVER -DSTM32L100xC -I..\..\..\..\Inc -I..\..\..\..\Drivers\STM32L1xx_HAL_Driver\Inc -I..\..\..\..\Drivers\CMSIS\Include -I..\..\..\..\Drivers\CMSIS\Device\ST\STM32L1xx\Include -Os -ffunction-sections -fdata-sections -g -Wall -o Drivers\STM32L1xx_HAL_Driver\stm32l1xx_hal_uart.o ..\..\..\..\Drivers\STM32L1xx_HAL_Driver\Src\stm32l1xx_hal_uart.c 
arm-atollic-eabi-gcc -c -mthumb -mcpu=cortex-m3 -std=gnu90 -DUSE_HAL_DRIVER -DSTM32L100xC -I..\..\..\..\Inc -I..\..\..\..\Drivers\STM32L1xx_HAL_Driver\Inc -I..\..\..\..\Drivers\CMSIS\Include -I..\..\..\..\Drivers\CMSIS\Device\ST\STM32L1xx\Include -Os -ffunction-sections -fdata-sections -g -Wall -o Application\User\stm32l1xx_it.o ..\..\..\..\Src\stm32l1xx_it.c 
arm-atollic-eabi-gcc -c -mthumb -mcpu=cortex-m3 -std=gnu90 -DUSE_HAL_DRIVER -DSTM32L100xC -I..\..\..\..\Inc -I..\..\..\..\Drivers\STM32L1xx_HAL_Driver\Inc -I..\..\..\..\Drivers\CMSIS\Include -I..\..\..\..\Drivers\CMSIS\Device\ST\STM32L1xx\Include -Os -ffunction-sections -fdata-sections -g -Wall -o Drivers\STM32L1xx_HAL_Driver\stm32l1xx_hal_dma.o ..\..\..\..\Drivers\STM32L1xx_HAL_Driver\Src\stm32l1xx_hal_dma.c 
arm-atollic-eabi-gcc -c -mthumb -mcpu=cortex-m3 -std=gnu90 -DUSE_HAL_DRIVER -DSTM32L100xC -I..\..\..\..\Inc -I..\..\..\..\Drivers\STM32L1xx_HAL_Driver\Inc -I..\..\..\..\Drivers\CMSIS\Include -I..\..\..\..\Drivers\CMSIS\Device\ST\STM32L1xx\Include -Os -ffunction-sections -fdata-sections -g -Wall -o Drivers\CMSIS\system_stm32l1xx.o ..\..\..\..\Drivers\CMSIS\Device\ST\STM32L1xx\Source\Templates\system_stm32l1xx.c 
arm-atollic-eabi-gcc -c -mthumb -mcpu=cortex-m3 -std=gnu90 -DUSE_HAL_DRIVER -DSTM32L100xC -I..\..\..\..\Inc -I..\..\..\..\Drivers\STM32L1xx_HAL_Driver\Inc -I..\..\..\..\Drivers\CMSIS\Include -I..\..\..\..\Drivers\CMSIS\Device\ST\STM32L1xx\Include -Os -ffunction-sections -fdata-sections -g -Wall -o Drivers\STM32L1xx_HAL_Driver\stm32l1xx_hal_flash.o ..\..\..\..\Drivers\STM32L1xx_HAL_Driver\Src\stm32l1xx_hal_flash.c 
arm-atollic-eabi-gcc Drivers\STM32L1xx_HAL_Driver\stm32l1xx_hal_uart.o Drivers\STM32L1xx_HAL_Driver\stm32l1xx_hal_spi_ex.o Drivers\STM32L1xx_HAL_Driver\stm32l1xx_hal_spi.o Drivers\STM32L1xx_HAL_Driver\stm32l1xx_hal_rcc_ex.o Drivers\STM32L1xx_HAL_Driver\stm32l1xx_hal_rcc.o Drivers\STM32L1xx_HAL_Driver\stm32l1xx_hal_pwr_ex.o Drivers\STM32L1xx_HAL_Driver\stm32l1xx_hal_pwr.o Drivers\STM32L1xx_HAL_Driver\stm32l1xx_hal_i2c.o Drivers\STM32L1xx_HAL_Driver\stm32l1xx_hal_gpio.o Drivers\STM32L1xx_HAL_Driver\stm32l1xx_hal_flash_ramfunc.o Drivers\STM32L1xx_HAL_Driver\stm32l1xx_hal_flash_ex.o Drivers\STM32L1xx_HAL_Driver\stm32l1xx_hal_flash.o Drivers\STM32L1xx_HAL_Driver\stm32l1xx_hal_dma.o Drivers\STM32L1xx_HAL_Driver\stm32l1xx_hal_cortex.o Drivers\STM32L1xx_HAL_Driver\stm32l1xx_hal.o Drivers\CMSIS\system_stm32l1xx.o Application\User\stm32l1xx_it.o Application\User\stm32l1xx_hal_msp.o Application\User\main.o Application\TrueSTUDIO\startup_stm32l100xc.o -o t2 Configuration.elf -mthumb -mcpu=cortex-m3 -T..\STM32L100RC_FLASH.ld -Wl,--start-group -lc -lm -Wl,--end-group -static -Wl,-cref,-u,Reset_Handler -Wl,-Map=t2 Configuration.map -Wl,--gc-sections -Wl,--defsym=malloc_getpagesize_P=0x1000 
D:\truestudio\TrueSTUDIO for ARM Lite 5.2.1\ide\jre\bin\java -jar D:\truestudio\TrueSTUDIO for ARM Lite 5.2.1\Tools\arm-atollic-reports.jar sizeinfo t2 Configuration.elf 
Generate build reports...
Print size information
   text	   data	    bss	    dec	    hex	filename
   5908	     12	   1396	   7316	   1c94	t2 Configuration.elf
Print size information done
Generate build reports done

21:29:18 Build Finished (took 41s.31ms)

